// Jest Snapshot v1, https://goo.gl/fbAQLP

exports[`Description renders correctly 1`] = `
<styled.div>
  <styled.span
    color="#000"
  >
    This is a test description
  </styled.span>
</styled.div>
`;
