// Jest Snapshot v1, https://goo.gl/fbAQLP

exports[`SectionHeader renders correctly 1`] = `
<styled.header
  color="#ddd"
>
  Prabhu Murthy Portfolio
</styled.header>
`;
